// Jest Snapshot v1, https://goo.gl/fbAQLP

exports[`add reading and location mutation stores a new location with a new reading 1`] = `
{
  "location": {
    "geometry": {
      "coordinates": [
        -86.9259644,
        43.4708553,
      ],
    },
    "id": 1,
    "properties": {
      "feature_type": "poi",
      "full_address": "567 Kings Boul., SomePlace, Ontario, M4G 2E5, Canada",
      "name": "Create location test",
    },
    "type": "Feature",
  },
  "reading": {
    "created_at": 2023-01-05T00:00:00.000Z,
    "id": 1,
    "location": {
      "id": 1,
    },
    "notes": "Reading notes",
    "unit": "PPM_CO2",
    "value": 567,
  },
}
`;